;/////////////////////////////////////////////////////////////////////////////////
;// Code Generator: BoostC Compiler - http://www.sourceboost.com
;// Version       : 6.70
;// License Type  : Lite License (Unregistered)
;// Limitations   : PIC12,PIC16 max code size:2048 words, max RAM banks:2, Non commercial use only
;/////////////////////////////////////////////////////////////////////////////////

	ORG 0x00000000
0000  2856  	GOTO	_startup
	ORG 0x00000004
0004  00FF  	MOVWF Int1Context
0005  0E03  	SWAPF STATUS, W
0006  1283  	BCF STATUS, RP0
0007  1303  	BCF STATUS, RP1
0008  00A0  	MOVWF Int1BContext
0009  0E0A  	SWAPF PCLATH, W
000A  00A1  	MOVWF Int1BContext+D'1'
000B  0E04  	SWAPF FSR, W
000C  00A2  	MOVWF Int1BContext+D'2'
000D  118A  	BCF PCLATH,3
000E  120A  	BCF PCLATH,4
000F  2859  	GOTO	interrupt
	ORG 0x00000010
0010        FCM_Init_v_0001D
0010        ; { FCM_Init_variables ; function begin
0010  1283  	BCF STATUS, RP0
0011  1303  	BCF STATUS, RP1
0012  01A3  	CLRF gbl_FCV_LED_OUTPUT
0013  0008  	RETURN
0014        ; } FCM_Init_variables function end

	ORG 0x00000014
0014        FCD_ADC0_S_0001E
0014        ; { FCD_ADC0_SampleADC ; function begin
0014  3020  	MOVLW 0x20
0015  1683  	BSF STATUS, RP0
0016  1303  	BCF STATUS, RP1
0017  009F  	MOVWF gbl_adcon1
0018  3004  	MOVLW 0x04
0019  1283  	BCF STATUS, RP0
001A  1703  	BSF STATUS, RP1
001B  009F  	MOVWF gbl_anselh
001C  1683  	BSF STATUS, RP0
001D  1303  	BCF STATUS, RP1
001E  0806  	MOVF gbl_trisb, W
001F  1283  	BCF STATUS, RP0
0020  00A4  	MOVWF FCD_ADC0_S_0001E_1_old_tris
0021  3010  	MOVLW 0x10
0022  1683  	BSF STATUS, RP0
0023  0406  	IORWF gbl_trisb, W
0024  0086  	MOVWF gbl_trisb
0025  3029  	MOVLW 0x29
0026  1283  	BCF STATUS, RP0
0027  009F  	MOVWF gbl_adcon0
0028  01A5  	CLRF FCD_ADC0_S_0001E_1_cnt
0029        label268439663
0029  3028  	MOVLW 0x28
002A  0225  	SUBWF FCD_ADC0_S_0001E_1_cnt, W
002B  1803  	BTFSC STATUS,C
002C  282F  	GOTO	label268439664
002D  0AA5  	INCF FCD_ADC0_S_0001E_1_cnt, F
002E  2829  	GOTO	label268439663
002F        label268439664
002F  3002  	MOVLW 0x02
0030  041F  	IORWF gbl_adcon0, W
0031  009F  	MOVWF gbl_adcon0
0032        label268439668
0032  189F  	BTFSC gbl_adcon0,1
0033  2832  	GOTO	label268439668
0034  0824  	MOVF FCD_ADC0_S_0001E_1_old_tris, W
0035  1683  	BSF STATUS, RP0
0036  0086  	MOVWF gbl_trisb
0037  1283  	BCF STATUS, RP0
0038  1703  	BSF STATUS, RP1
0039  019E  	CLRF gbl_ansel
003A  019F  	CLRF gbl_anselh
003B  1303  	BCF STATUS, RP1
003C  019F  	CLRF gbl_adcon0
003D  0008  	RETURN
003E        ; } FCD_ADC0_SampleADC function end

	ORG 0x0000003E
003E        FCD_ADC0_R_0001F
003E        ; { FCD_ADC0_ReadAsByte ; function begin
003E  1283  	BCF STATUS, RP0
003F  1303  	BCF STATUS, RP1
0040  081E  	MOVF gbl_adresh, W
0041  00A4  	MOVWF CompTempVarRet623
0042  0008  	RETURN
0043        ; } FCD_ADC0_ReadAsByte function end

	ORG 0x00000043
0043        main
0043        ; { main ; function begin
0043  1283  	BCF STATUS, RP0
0044  1703  	BSF STATUS, RP1
0045  019E  	CLRF gbl_ansel
0046  019F  	CLRF gbl_anselh
0047  30C0  	MOVLW 0xC0
0048  1683  	BSF STATUS, RP0
0049  1303  	BCF STATUS, RP1
004A  0081  	MOVWF gbl_option_reg
004B  2010  	CALL FCM_Init_v_0001D
004C        label268439698
004C  2014  	CALL FCD_ADC0_S_0001E
004D  203E  	CALL FCD_ADC0_R_0001F
004E  0824  	MOVF CompTempVarRet623, W
004F  00A3  	MOVWF gbl_FCV_LED_OUTPUT
0050  1683  	BSF STATUS, RP0
0051  0187  	CLRF gbl_trisc
0052  1283  	BCF STATUS, RP0
0053  0823  	MOVF gbl_FCV_LED_OUTPUT, W
0054  0087  	MOVWF gbl_portc
0055  284C  	GOTO	label268439698
0056        ; } main function end

	ORG 0x00000056
0056        _startup
0056  118A  	BCF PCLATH,3
0057  120A  	BCF PCLATH,4
0058  2843  	GOTO	main
	ORG 0x00000059
0059        interrupt
0059        ; { interrupt ; function begin
0059  1283  	BCF STATUS, RP0
005A  1303  	BCF STATUS, RP1
005B  0E22  	SWAPF Int1BContext+D'2', W
005C  0084  	MOVWF FSR
005D  0E21  	SWAPF Int1BContext+D'1', W
005E  008A  	MOVWF PCLATH
005F  0E20  	SWAPF Int1BContext, W
0060  0083  	MOVWF STATUS
0061  0EFF  	SWAPF Int1Context, F
0062  0E7F  	SWAPF Int1Context, W
0063  0009  	RETFIE
0064        ; } interrupt function end

	ORG 0x00002007
2007  30D5  	DW 0x30D5
