;/////////////////////////////////////////////////////////////////////////////////
;// Code Generator: BoostC Compiler - http://www.sourceboost.com
;// Version       : 6.70
;// License Type  : Lite License (Unregistered)
;// Limitations   : PIC12,PIC16 max code size:2048 words, max RAM banks:2, Non commercial use only
;/////////////////////////////////////////////////////////////////////////////////

	ORG 0x00000000
0000  2850  	GOTO	_startup
	ORG 0x00000004
0004  00FF  	MOVWF Int1Context
0005  0E03  	SWAPF STATUS, W
0006  1283  	BCF STATUS, RP0
0007  1303  	BCF STATUS, RP1
0008  00A0  	MOVWF Int1BContext
0009  0E0A  	SWAPF PCLATH, W
000A  00A1  	MOVWF Int1BContext+D'1'
000B  0E04  	SWAPF FSR, W
000C  00A2  	MOVWF Int1BContext+D'2'
000D  118A  	BCF PCLATH,3
000E  120A  	BCF PCLATH,4
000F  2853  	GOTO	interrupt
	ORG 0x00000010
0010        delay_ms_00000
0010        ; { delay_ms ; function begin
0010  08A5  	MOVF delay_ms_00000_arg_del, F
0011  1D03  	BTFSS STATUS,Z
0012  2814  	GOTO	label4026531857
0013  0008  	RETURN
0014        label4026531857
0014  30F9  	MOVLW 0xF9
0015        label4026531858
0015  3EFF  	ADDLW 0xFF
0016  1D03  	BTFSS STATUS,Z
0017  2815  	GOTO	label4026531858
0018  0000  	NOP
0019  0BA5  	DECFSZ delay_ms_00000_arg_del, F
001A  2814  	GOTO	label4026531857
001B  0008  	RETURN
001C        ; } delay_ms function end

	ORG 0x0000001C
001C        FCM_TMR0_I_0001E
001C        ; { FCM_TMR0_ISR ; function begin
001C  1283  	BCF STATUS, RP0
001D  1303  	BCF STATUS, RP1
001E  0E23  	SWAPF gbl_FCV_COUNTER, W
001F  39F0  	ANDLW 0xF0
0020  00A4  	MOVWF gbl_FCV_LED_OUTPUT
0021  01A3  	CLRF gbl_FCV_COUNTER
0022  0008  	RETURN
0023        ; } FCM_TMR0_ISR function end

	ORG 0x00000023
0023        FCM_Init_P_0001D
0023        ; { FCM_Init_Peripherals ; function begin
0023  1683  	BSF STATUS, RP0
0024  1303  	BCF STATUS, RP1
0025  1207  	BCF gbl_trisc,4
0026  30A1  	MOVLW 0xA1
0027  1283  	BCF STATUS, RP0
0028  1703  	BSF STATUS, RP1
0029  009A  	MOVWF gbl_cm2con0
002A  1303  	BCF STATUS, RP1
002B  01A4  	CLRF gbl_FCV_LED_OUTPUT
002C  01A3  	CLRF gbl_FCV_COUNTER
002D  0008  	RETURN
002E        ; } FCM_Init_Peripherals function end

	ORG 0x0000002E
002E        main
002E        ; { main ; function begin
002E  1283  	BCF STATUS, RP0
002F  1703  	BSF STATUS, RP1
0030  019E  	CLRF gbl_ansel
0031  019F  	CLRF gbl_anselh
0032  30C0  	MOVLW 0xC0
0033  1683  	BSF STATUS, RP0
0034  1303  	BCF STATUS, RP1
0035  0081  	MOVWF gbl_option_reg
0036  2023  	CALL FCM_Init_P_0001D
0037  1683  	BSF STATUS, RP0
0038  1681  	BSF gbl_option_reg,5
0039  1201  	BCF gbl_option_reg,4
003A  30F0  	MOVLW 0xF0
003B  0501  	ANDWF gbl_option_reg, W
003C  1283  	BCF STATUS, RP0
003D  00A5  	MOVWF CompTempVar623
003E  3001  	MOVLW 0x01
003F  0425  	IORWF CompTempVar623, W
0040  1683  	BSF STATUS, RP0
0041  0081  	MOVWF gbl_option_reg
0042  178B  	BSF gbl_intcon,7
0043  168B  	BSF gbl_intcon,5
0044        label268439679
0044  1283  	BCF STATUS, RP0
0045  0A23  	INCF gbl_FCV_COUNTER, W
0046  00A3  	MOVWF gbl_FCV_COUNTER
0047  1683  	BSF STATUS, RP0
0048  0186  	CLRF gbl_trisb
0049  1283  	BCF STATUS, RP0
004A  0824  	MOVF gbl_FCV_LED_OUTPUT, W
004B  0086  	MOVWF gbl_portb
004C  3001  	MOVLW 0x01
004D  00A5  	MOVWF delay_ms_00000_arg_del
004E  2010  	CALL delay_ms_00000
004F  2844  	GOTO	label268439679
0050        ; } main function end

	ORG 0x00000050
0050        _startup
0050  118A  	BCF PCLATH,3
0051  120A  	BCF PCLATH,4
0052  282E  	GOTO	main
	ORG 0x00000053
0053        interrupt
0053        ; { interrupt ; function begin
0053  1D0B  	BTFSS gbl_intcon,2
0054  2857  	GOTO	label268439693
0055  201C  	CALL FCM_TMR0_I_0001E
0056  110B  	BCF gbl_intcon,2
0057        label268439693
0057  1283  	BCF STATUS, RP0
0058  1303  	BCF STATUS, RP1
0059  0E22  	SWAPF Int1BContext+D'2', W
005A  0084  	MOVWF FSR
005B  0E21  	SWAPF Int1BContext+D'1', W
005C  008A  	MOVWF PCLATH
005D  0E20  	SWAPF Int1BContext, W
005E  0083  	MOVWF STATUS
005F  0EFF  	SWAPF Int1Context, F
0060  0E7F  	SWAPF Int1Context, W
0061  0009  	RETFIE
0062        ; } interrupt function end

	ORG 0x00002007
2007  30D5  	DW 0x30D5
