;/////////////////////////////////////////////////////////////////////////////////
;// Code Generator: BoostC Compiler - http://www.sourceboost.com
;// Version       : 6.70
;// License Type  : Lite License (Unregistered)
;// Limitations   : PIC12,PIC16 max code size:2048 words, max RAM banks:2, Non commercial use only
;/////////////////////////////////////////////////////////////////////////////////

	ORG 0x00000000
0000  284E  	GOTO	_startup
	ORG 0x00000004
0004  00FF  	MOVWF Int1Context
0005  0E03  	SWAPF STATUS, W
0006  1283  	BCF STATUS, RP0
0007  1303  	BCF STATUS, RP1
0008  00A0  	MOVWF Int1BContext
0009  0E0A  	SWAPF PCLATH, W
000A  00A1  	MOVWF Int1BContext+D'1'
000B  0E04  	SWAPF FSR, W
000C  00A2  	MOVWF Int1BContext+D'2'
000D  118A  	BCF PCLATH,3
000E  120A  	BCF PCLATH,4
000F  2851  	GOTO	interrupt
	ORG 0x00000010
0010        delay_ms_00000
0010        ; { delay_ms ; function begin
0010  08A5  	MOVF delay_ms_00000_arg_del, F
0011  1D03  	BTFSS STATUS,Z
0012  2814  	GOTO	label4026531857
0013  0008  	RETURN
0014        label4026531857
0014  30F9  	MOVLW 0xF9
0015        label4026531858
0015  3EFF  	ADDLW 0xFF
0016  1D03  	BTFSS STATUS,Z
0017  2815  	GOTO	label4026531858
0018  0000  	NOP
0019  0BA5  	DECFSZ delay_ms_00000_arg_del, F
001A  2814  	GOTO	label4026531857
001B  0008  	RETURN
001C        ; } delay_ms function end

	ORG 0x0000001C
001C        delay_s_00000
001C        ; { delay_s ; function begin
001C        label4026531863
001C  30FA  	MOVLW 0xFA
001D  00A5  	MOVWF delay_ms_00000_arg_del
001E  2010  	CALL delay_ms_00000
001F  30FA  	MOVLW 0xFA
0020  00A5  	MOVWF delay_ms_00000_arg_del
0021  2010  	CALL delay_ms_00000
0022  30FA  	MOVLW 0xFA
0023  00A5  	MOVWF delay_ms_00000_arg_del
0024  2010  	CALL delay_ms_00000
0025  30FA  	MOVLW 0xFA
0026  00A5  	MOVWF delay_ms_00000_arg_del
0027  2010  	CALL delay_ms_00000
0028  0BA4  	DECFSZ delay_s_00000_arg_del, F
0029  281C  	GOTO	label4026531863
002A  0008  	RETURN
002B        ; } delay_s function end

	ORG 0x0000002B
002B        FCM_Shift__0001D
002B        ; { FCM_Shift_Rt ; function begin
002B  1283  	BCF STATUS, RP0
002C  1303  	BCF STATUS, RP1
002D  0323  	DECF gbl_FCV_LED_OUTPUT, W
002E  1D03  	BTFSS STATUS,Z
002F  2833  	GOTO	label268439652
0030  3080  	MOVLW 0x80
0031  00A3  	MOVWF gbl_FCV_LED_OUTPUT
0032  0008  	RETURN
0033        label268439652
0033  0823  	MOVF gbl_FCV_LED_OUTPUT, W
0034  00A4  	MOVWF CompTempVar623
0035  1003  	BCF STATUS,C
0036  0C24  	RRF CompTempVar623, W
0037  00A3  	MOVWF gbl_FCV_LED_OUTPUT
0038  0008  	RETURN
0039        ; } FCM_Shift_Rt function end

	ORG 0x00000039
0039        main
0039        ; { main ; function begin
0039  1283  	BCF STATUS, RP0
003A  1703  	BSF STATUS, RP1
003B  019E  	CLRF gbl_ansel
003C  019F  	CLRF gbl_anselh
003D  30C0  	MOVLW 0xC0
003E  1683  	BSF STATUS, RP0
003F  1303  	BCF STATUS, RP1
0040  0081  	MOVWF gbl_option_reg
0041  3080  	MOVLW 0x80
0042  1283  	BCF STATUS, RP0
0043  00A3  	MOVWF gbl_FCV_LED_OUTPUT
0044        label268439666
0044  202B  	CALL FCM_Shift__0001D
0045  1683  	BSF STATUS, RP0
0046  0187  	CLRF gbl_trisc
0047  1283  	BCF STATUS, RP0
0048  0823  	MOVF gbl_FCV_LED_OUTPUT, W
0049  0087  	MOVWF gbl_portc
004A  3001  	MOVLW 0x01
004B  00A4  	MOVWF delay_s_00000_arg_del
004C  201C  	CALL delay_s_00000
004D  2844  	GOTO	label268439666
004E        ; } main function end

	ORG 0x0000004E
004E        _startup
004E  118A  	BCF PCLATH,3
004F  120A  	BCF PCLATH,4
0050  2839  	GOTO	main
	ORG 0x00000051
0051        interrupt
0051        ; { interrupt ; function begin
0051  1283  	BCF STATUS, RP0
0052  1303  	BCF STATUS, RP1
0053  0E22  	SWAPF Int1BContext+D'2', W
0054  0084  	MOVWF FSR
0055  0E21  	SWAPF Int1BContext+D'1', W
0056  008A  	MOVWF PCLATH
0057  0E20  	SWAPF Int1BContext, W
0058  0083  	MOVWF STATUS
0059  0EFF  	SWAPF Int1Context, F
005A  0E7F  	SWAPF Int1Context, W
005B  0009  	RETFIE
005C        ; } interrupt function end

	ORG 0x00002007
2007  30D5  	DW 0x30D5
