;/////////////////////////////////////////////////////////////////////////////////
;// Code Generator: BoostC Compiler - http://www.sourceboost.com
;// Version       : 6.70
;// License Type  : Lite License (Unregistered)
;// Limitations   : PIC12,PIC16 max code size:2048 words, max RAM banks:2, Non commercial use only
;/////////////////////////////////////////////////////////////////////////////////

	ORG 0x00000000
0000  287E  	GOTO	_startup
	ORG 0x00000004
0004  00FF  	MOVWF Int1Context
0005  0E03  	SWAPF STATUS, W
0006  1283  	BCF STATUS, RP0
0007  1303  	BCF STATUS, RP1
0008  00A0  	MOVWF Int1BContext
0009  0E0A  	SWAPF PCLATH, W
000A  00A1  	MOVWF Int1BContext+D'1'
000B  0E04  	SWAPF FSR, W
000C  00A2  	MOVWF Int1BContext+D'2'
000D  118A  	BCF PCLATH,3
000E  120A  	BCF PCLATH,4
000F  2881  	GOTO	interrupt
	ORG 0x00000010
0010        delay_ms_00000
0010        ; { delay_ms ; function begin
0010  08A6  	MOVF delay_ms_00000_arg_del, F
0011  1D03  	BTFSS STATUS,Z
0012  2814  	GOTO	label4026531857
0013  0008  	RETURN
0014        label4026531857
0014  30F9  	MOVLW 0xF9
0015        label4026531858
0015  3EFF  	ADDLW 0xFF
0016  1D03  	BTFSS STATUS,Z
0017  2815  	GOTO	label4026531858
0018  0000  	NOP
0019  0BA6  	DECFSZ delay_ms_00000_arg_del, F
001A  2814  	GOTO	label4026531857
001B  0008  	RETURN
001C        ; } delay_ms function end

	ORG 0x0000001C
001C        delay_s_00000
001C        ; { delay_s ; function begin
001C        label4026531863
001C  30FA  	MOVLW 0xFA
001D  00A6  	MOVWF delay_ms_00000_arg_del
001E  2010  	CALL delay_ms_00000
001F  30FA  	MOVLW 0xFA
0020  00A6  	MOVWF delay_ms_00000_arg_del
0021  2010  	CALL delay_ms_00000
0022  30FA  	MOVLW 0xFA
0023  00A6  	MOVWF delay_ms_00000_arg_del
0024  2010  	CALL delay_ms_00000
0025  30FA  	MOVLW 0xFA
0026  00A6  	MOVWF delay_ms_00000_arg_del
0027  2010  	CALL delay_ms_00000
0028  0BA5  	DECFSZ delay_s_00000_arg_del, F
0029  281C  	GOTO	label4026531863
002A  0008  	RETURN
002B        ; } delay_s function end

	ORG 0x0000002B
002B        FCM_Shift_00000
002B        ; { FCM_Shift ; function begin
002B  1283  	BCF STATUS, RP0
002C  1303  	BCF STATUS, RP1
002D  0324  	DECF gbl_FCV_DIRECTION, W
002E  1D03  	BTFSS STATUS,Z
002F  283C  	GOTO	label268439653
0030  0323  	DECF gbl_FCV_LED_OUTPUT, W
0031  1D03  	BTFSS STATUS,Z
0032  2836  	GOTO	label268439656
0033  3080  	MOVLW 0x80
0034  00A3  	MOVWF gbl_FCV_LED_OUTPUT
0035  2848  	GOTO	label268439670
0036        label268439656
0036  0823  	MOVF gbl_FCV_LED_OUTPUT, W
0037  00A5  	MOVWF CompTempVar623
0038  1003  	BCF STATUS,C
0039  0C25  	RRF CompTempVar623, W
003A  00A3  	MOVWF gbl_FCV_LED_OUTPUT
003B  2848  	GOTO	label268439670
003C        label268439653
003C  0823  	MOVF gbl_FCV_LED_OUTPUT, W
003D  3A80  	XORLW 0x80
003E  1D03  	BTFSS STATUS,Z
003F  2843  	GOTO	label268439666
0040  3001  	MOVLW 0x01
0041  00A3  	MOVWF gbl_FCV_LED_OUTPUT
0042  2848  	GOTO	label268439670
0043        label268439666
0043  0823  	MOVF gbl_FCV_LED_OUTPUT, W
0044  00A5  	MOVWF CompTempVar624
0045  1003  	BCF STATUS,C
0046  0D25  	RLF CompTempVar624, W
0047  00A3  	MOVWF gbl_FCV_LED_OUTPUT
0048        label268439670
0048  08A3  	MOVF gbl_FCV_LED_OUTPUT, F
0049  1D03  	BTFSS STATUS,Z
004A  0008  	RETURN
004B  3001  	MOVLW 0x01
004C  00A3  	MOVWF gbl_FCV_LED_OUTPUT
004D  0008  	RETURN
004E        ; } FCM_Shift function end

	ORG 0x0000004E
004E        FCD_Switch_0001E
004E        ; { FCD_Switches0_ReadState ; function begin
004E  01A6  	CLRF FCD_Switch_0001E_1_SwitchMask
004F  0825  	MOVF FCD_Switch_0001E_arg_WhichSwitch, W
0050  00A8  	MOVWF FCD_Switch_0001E_3_nSwitch
0051  08A8  	MOVF FCD_Switch_0001E_3_nSwitch, F
0052  1D03  	BTFSS STATUS,Z
0053  2857  	GOTO	label268439695
0054  3004  	MOVLW 0x04
0055  00A6  	MOVWF FCD_Switch_0001E_1_SwitchMask
0056  2858  	GOTO	label268439697
0057        label268439695
0057  01A6  	CLRF FCD_Switch_0001E_1_SwitchMask
0058        label268439697
0058  0826  	MOVF FCD_Switch_0001E_1_SwitchMask, W
0059  1683  	BSF STATUS, RP0
005A  0405  	IORWF gbl_trisa, W
005B  0085  	MOVWF gbl_trisa
005C  1283  	BCF STATUS, RP0
005D  0826  	MOVF FCD_Switch_0001E_1_SwitchMask, W
005E  0505  	ANDWF gbl_porta, W
005F  00A7  	MOVWF CompTempVar626
0060  01A8  	CLRF CompTempVarRet625
0061  08A7  	MOVF CompTempVar626, F
0062  1D03  	BTFSS STATUS,Z
0063  1428  	BSF CompTempVarRet625,0
0064  0008  	RETURN
0065        ; } FCD_Switches0_ReadState function end

	ORG 0x00000065
0065        main
0065        ; { main ; function begin
0065  1283  	BCF STATUS, RP0
0066  1703  	BSF STATUS, RP1
0067  019E  	CLRF gbl_ansel
0068  019F  	CLRF gbl_anselh
0069  30C0  	MOVLW 0xC0
006A  1683  	BSF STATUS, RP0
006B  1303  	BCF STATUS, RP1
006C  0081  	MOVWF gbl_option_reg
006D  1283  	BCF STATUS, RP0
006E  01A3  	CLRF gbl_FCV_LED_OUTPUT
006F  01A4  	CLRF gbl_FCV_DIRECTION
0070        label268439804
0070  01A5  	CLRF FCD_Switch_0001E_arg_WhichSwitch
0071  204E  	CALL FCD_Switch_0001E
0072  0828  	MOVF CompTempVarRet625, W
0073  00A4  	MOVWF gbl_FCV_DIRECTION
0074  202B  	CALL FCM_Shift_00000
0075  1683  	BSF STATUS, RP0
0076  0187  	CLRF gbl_trisc
0077  1283  	BCF STATUS, RP0
0078  0823  	MOVF gbl_FCV_LED_OUTPUT, W
0079  0087  	MOVWF gbl_portc
007A  3001  	MOVLW 0x01
007B  00A5  	MOVWF delay_s_00000_arg_del
007C  201C  	CALL delay_s_00000
007D  2870  	GOTO	label268439804
007E        ; } main function end

	ORG 0x0000007E
007E        _startup
007E  118A  	BCF PCLATH,3
007F  120A  	BCF PCLATH,4
0080  2865  	GOTO	main
	ORG 0x00000081
0081        interrupt
0081        ; { interrupt ; function begin
0081  1283  	BCF STATUS, RP0
0082  1303  	BCF STATUS, RP1
0083  0E22  	SWAPF Int1BContext+D'2', W
0084  0084  	MOVWF FSR
0085  0E21  	SWAPF Int1BContext+D'1', W
0086  008A  	MOVWF PCLATH
0087  0E20  	SWAPF Int1BContext, W
0088  0083  	MOVWF STATUS
0089  0EFF  	SWAPF Int1Context, F
008A  0E7F  	SWAPF Int1Context, W
008B  0009  	RETFIE
008C        ; } interrupt function end

	ORG 0x00002007
2007  30D5  	DW 0x30D5
